<!DOCTYPE html>
<html lang="ja">
<head>
  <meta charset="UTF-8">
  <meta name="viewport" content="width=device-width, initial-scale=1.0">
  <title>基本計算</title>
</head>
<body>
  <h1>基本計算</h1>
  <div id="add"></div>
  <div id="sub"></div>
  <div id="mul"></div>
  <div id="div"></div>
  <script src="script.js"></script>
</body>
</html>