<!DOCTYPE html>
<html lang="ja">
<head>
  <meta charset="UTF-8">
  <meta name="viewport" content="width=device-width, initial-scale=1.0">
  <title>html-css-10.1 Flex配置とgap</title>
  <link rel="stylesheet" href="style.css">
</head>
<body>
  <div class="container">
    <h1>Flex配置とgap</h1>
    <div class="flex-row">
      <div class="box">A</div>
      <div class="box">B</div>
      <div class="box">C</div>
    </div>
  </div>
</body>
</html>
