<!DOCTYPE html>
<html lang="ja">
<head>
    <meta charset="UTF-8">
    <meta name="viewport" content="width=device-width, initial-scale=1.0">
    <title>課題実装</title>
    <link rel="stylesheet" href="style.css">
</head>
<body>
    <div class="container">
        <div class="flex-container">
            <div class="flex-item">Flexアイテム1</div>
            <div class="flex-item">Flexアイテム2</div>
            <div class="flex-item">Flexアイテム3</div>
        </div>
        <div class="inline-block-container">
            <div class="inline-block-item">ボックス1</div>
            <div class="inline-block-item">ボックス2</div>
            <div class="inline-block-item">ボックス3</div>
        </div>
        <div class="layout-container">
            <div class="sidebar">サイドバー</div>
            <div class="main-content">メインコンテンツ</div>
        </div>
        <div class="column-container">
            <div class="column">カラム1</div>
            <div class="column">カラム2</div>
            <div class="column">カラム3</div>
        </div>
    </div>
</body>
</html>