<!doctype html>
<html lang="ja">
<head>
  <meta charset="utf-8">
  <title>js-basic-15 focus/blur</title>
  <link rel="stylesheet" href="./files.css">
  <script src="./files.js" defer></script>
</head>
<body>
  <h1>フォーカスで強調</h1>
  <input id="field" type="text" placeholder="ここをクリックして入力">
</body>
</html>
