<!DOCTYPE html>
<html lang="ja">
<head>
  <meta charset="utf-8">
  <meta name="viewport" content="width=device-width, initial-scale=1">
  <title>EC Project 01</title>
  <link href="https://cdn.jsdelivr.net/npm/bootstrap@latest/dist/css/bootstrap.min.css" rel="stylesheet">
</head>
<body>
  <div class="container py-4">
    <h1 class="h4 mb-3">商品一覧</h1>
    <div class="row g-3">
      <div class="col-12 col-md-6 col-lg-4">
        <div class="card">
          <img class="card-img-top" src="https://via.placeholder.com/600x400?text=Item+1" alt="Item 1">
          <div class="card-body">
            <h2 class="h6 mb-0">Item 1</h2>
          </div>
        </div>
      </div>
      <div class="col-12 col-md-6 col-lg-4">
        <div class="card">
          <img class="card-img-top" src="https://via.placeholder.com/600x400?text=Item+2" alt="Item 2">
          <div class="card-body">
            <h2 class="h6 mb-0">Item 2</h2>
          </div>
        </div>
      </div>
      <div class="col-12 col-md-6 col-lg-4">
        <div class="card">
          <img class="card-img-top" src="https://via.placeholder.com/600x400?text=Item+3" alt="Item 3">
          <div class="card-body">
            <h2 class="h6 mb-0">Item 3</h2>
          </div>
        </div>
      </div>
    </div>
  </div>
</body>
</html>
