const form = document.getElementById('form');
const nameInput = document.getElementById('name');
const errorEl = document.getElementById('error');
const resultEl = document.getElementById('result');
form.addEventListener('submit', (e) => {
  e.preventDefault();
  const v = nameInput.value.trim();
  if (!v) {
    errorEl.textContent = '名前を入力してください';
    resultEl.textContent = '';
    return;
  }
  errorEl.textContent = '';
  resultEl.textContent = `こんにちは、${v}さん`;
});
