<!DOCTYPE html>
<html lang="ja">
<head>
    <meta charset="UTF-8">
    <meta name="viewport" content="width=device-width, initial-scale=1.0">
    <title>課題実装</title>
    <link rel="stylesheet" href="style.css">
</head>
<body>
    <div class="container">
        <h1>リンクの練習</h1>
        <p><a href="https://www.example.com">外部リンク</a></p>
    </div>
</body>
</html>