document.addEventListener('DOMContentLoaded', function() {
  const input = document.getElementById('liveInput');
  const preview = document.getElementById('preview');

  input.addEventListener('input', function() {
    const val = input.value.trim();
    preview.textContent = val ? 'プレビュー: ' + val : 'プレビュー: （未入力）';
  });
});
