<!DOCTYPE html>
<html lang="ja">
<head>
  <meta charset="UTF-8" />
  <meta name="viewport" content="width=device-width, initial-scale=1.0" />
  <title>js-advanced-07 タイマー基礎（setInterval）</title>
  <link rel="stylesheet" href="style.css" />
</head>
<body>
  <div class="container">
    <h1>タイマー基礎</h1>

    <div class="controls">
      <button id="startBtn" type="button">開始</button>
      <button id="stopBtn" type="button">停止</button>
      <div class="meta">状態: <span id="statusText">停止中</span></div>
    </div>

    <div class="counter" aria-live="polite">
      経過秒: <span id="counter">0</span>
    </div>
  </div>

  <script src="script.js"></script>
</body>
</html>
