<!DOCTYPE html>
<html lang="ja">
<head>
  <meta charset="UTF-8">
  <meta name="viewport" content="width=device-width, initial-scale=1.0">
  <title>課題実装</title>
  <link rel="stylesheet" href="style.css">
</head>
<body>
  <div class="container">
    <h2>私たちの強み</h2>
    <section class="features">
      <div class="box">
        <h3>高速</h3>
        <p>軽量・最適化で高速表示を実現。</p>
      </div>
      <div class="box">
        <h3>安全</h3>
        <p>最新のベストプラクティスで堅牢。</p>
      </div>
      <div class="box">
        <h3>柔軟</h3>
        <p>スケールや要件変更に強い設計。</p>
      </div>
    </section>
  </div>
</body>
</html>