<!DOCTYPE html>
<html lang="ja">
<head>
    <meta charset="UTF-8">
    <meta name="viewport" content="width=device-width, initial-scale=1.0">
    <title>課題実装</title>
    <link rel="stylesheet" href="style.css">
</head>
<body>
    <div class="container">
        <h1>余白のテスト</h1>
        <p class="box1">この段落にはmarginとpaddingがあります</p>
        <p class="box2">こちらの段落は別のスタイルです</p>
        <p>普通の段落です（比較用）</p>
        <h2>余白の違いを見てみましょう</h2>
    </div>
</body>
</html>