<!DOCTYPE html>
<html lang="ja">
<head>
  <meta charset="UTF-8">
  <meta name="viewport" content="width=device-width, initial-scale=1">
  <title>配列の並び替え</title>
  <link rel="stylesheet" href="style.css">
</head>
<body>
  <div class="container">
    <h1>商品一覧（並び替え）</h1>
    <select id="sort" class="sort-select">
      <option value="default">デフォルト</option>
      <option value="price-asc">価格の安い順</option>
      <option value="price-desc">価格の高い順</option>
    </select>
    <div id="list"></div>
  </div>
  <template id="item-template">
    <div class="item">
      <div class="item-name"></div>
      <div class="item-price"></div>
    </div>
  </template>
  <script src="script.js"></script>
</body>
</html>
