<!DOCTYPE html>
<html lang="ja">
<head>
  <meta charset="UTF-8">
  <meta name="viewport" content="width=device-width, initial-scale=1">
  <title>テキスト内容変更</title>
  <link rel="stylesheet" href="style.css">
</head>
<body>
  <h1>テキスト内容変更</h1>
  <p id="text">初期テキスト</p>
  <button id="change">変更</button>
  <script src="script.js"></script>
</body>
</html>