<!DOCTYPE html>
<html lang="ja">
<head>
  <meta charset="UTF-8">
  <meta name="viewport" content="width=device-width, initial-scale=1.0">
  <title>html-css-10.3 floatで二列レイアウト</title>
  <link rel="stylesheet" href="style.css">
</head>
<body>
  <div class="container">
    <h1>floatで二列レイアウト</h1>
    <div class="two-column">
      <div class="sidebar">サイドバー</div>
      <div class="content">メインコンテンツ。本文が入ります。</div>
    </div>
  </div>
</body>
</html>
