body{font-family:system-ui,-apple-system,"Segoe UI",sans-serif;margin:16px}
.container{max-width:800px;margin:auto}
.controls{display:flex;gap:12px;align-items:center;flex-wrap:wrap;margin:12px 0}
button{padding:8px 12px;border:1px solid #ccc;border-radius:6px;background:#f8f8f8}
.meta{color:#666}
.banner{margin-top:16px;padding:16px;border:1px dashed #0a7;border-radius:8px;background:#eafff6;display:none}
.banner.show{display:block}
.banner-text{font-weight:700;color:#0a7}
