<!DOCTYPE html>
<html lang="ja">
<head>
  <meta charset="UTF-8">
  <meta name="viewport" content="width=device-width, initial-scale=1">
  <title>配列の基本操作</title>
</head>
<body>
  <h1>配列の基本操作</h1>
  <div id="arr">[]</div>
  <button id="add">追加</button>
  <button id="remove">削除</button>
  <script src="script.js"></script>
</body>
</html>