<!DOCTYPE html>
<html lang="ja">
<head>
  <meta charset="UTF-8">
  <meta name="viewport" content="width=device-width, initial-scale=1">
  <title>イベント委譲</title>
  <link rel="stylesheet" href="style.css">
</head>
<body>
  <div class="container">
    <h1>商品一覧（イベント委譲）</h1>
    <div>カート件数: <span id="cart-count">0</span></div>
    <div id="list"></div>
  </div>
  <script src="script.js"></script>
</body>
</html>