<!DOCTYPE html>
<html lang="ja">
<head>
  <meta charset="UTF-8">
  <meta name="viewport" content="width=device-width, initial-scale=1">
  <title>EC Product Grid</title>
  <link href="https://cdn.jsdelivr.net/npm/bootstrap@latest/dist/css/bootstrap.min.css" rel="stylesheet">
</head>
<body>
  <div class="container py-4">
    <div class="row g-3">
      <div class="col-12 col-md-6 col-lg-4">
        <div class="card h-100">
          <img src="https://picsum.photos/seed/p1/600/400" class="card-img-top" alt="商品1">
          <div class="card-body"><h5 class="card-title">商品1</h5></div>
        </div>
      </div>
      <div class="col-12 col-md-6 col-lg-4">
        <div class="card h-100">
          <img src="https://picsum.photos/seed/p2/600/400" class="card-img-top" alt="商品2">
          <div class="card-body"><h5 class="card-title">商品2</h5></div>
        </div>
      </div>
      <div class="col-12 col-md-6 col-lg-4">
        <div class="card h-100">
          <img src="https://picsum.photos/seed/p3/600/400" class="card-img-top" alt="商品3">
          <div class="card-body"><h5 class="card-title">商品3</h5></div>
        </div>
      </div>
    </div>
  </div>
  <script src="https://cdn.jsdelivr.net/npm/bootstrap@latest/dist/js/bootstrap.bundle.min.js"></script>
</body>
</html>
