<!DOCTYPE html>
<html lang="ja">
<head>
  <meta charset="UTF-8">
  <meta name="viewport" content="width=device-width, initial-scale=1.0">
  <title>課題実装</title>
  <link rel="stylesheet" href="style.css">
</head>
<body>
  <div class="container">
    <p>本文ダミー</p>
  </div>
  <footer class="footer">
    <ul>
      <li><a href="#">利用規約</a></li>
      <li><a href="#">プライバシー</a></li>
      <li><a href="#">お問い合わせ</a></li>
    </ul>
  </footer>
</body>
</html>