<!DOCTYPE html>
<html lang="ja">
<head>
  <meta charset="UTF-8">
  <meta name="viewport" content="width=device-width, initial-scale=1">
  <title>HTML内容変更基本</title>
</head>
<body>
  <h1>HTML内容変更基本</h1>
  <div id="box"></div>
  <button id="render">挿入</button>
  <script src="script.js"></script>
</body>
</html>