const textEl = document.getElementById('text');
const htmlEl = document.getElementById('html-content');

document.getElementById('text-btn').addEventListener('click', () => {
  textEl.textContent = 'テキストが変更されました';
});

document.getElementById('html-btn').addEventListener('click', () => {
  htmlEl.innerHTML = '<strong>太字になりました</strong>';
});