<!DOCTYPE html>
<html lang="ja">
<head>
  <meta charset="UTF-8">
  <title>数量と小計</title>
  <link rel="stylesheet" href="style.css">
</head>
<body>
  <h1>数量と小計</h1>
  <div>単価: <span id="unit-price">1200</span> 円</div>
  <label>数量: <input id="qty-input" type="number" value="1" min="0"></label>
  <div>小計: <span id="subtotal">1200</span> 円</div>
  <script src="script.js"></script>
</body>
</html>
