const items = [
  { id:1, title:'Item A', price:100 },
  { id:2, title:'Item B', price:200 }
];
function createCard(item){
  return `<div class="card"><div>${item.title}</div><div>￥${item.price}</div></div>`;
}
function render(){
  const html = items.map(createCard).join('');
  document.getElementById('list').innerHTML = html;
}
render();
