/* 境界線と背景 - 最小要件 */

.basic-border {
    border: 2px solid black;
}

.thick-border {
    border: 5px solid red;
    background-color: #ffe6e6;
}

.dashed-border {
    border: 3px dashed blue;
    background-color: #e6f2ff;
}

.colored-border {
    border-top: 4px solid red;
    border-right: 4px solid blue;
    border-bottom: 4px solid green;
    border-left: 4px solid orange;
}