<!DOCTYPE html>
<html lang="ja">
<head>
    <meta charset="UTF-8">
    <meta name="viewport" content="width=device-width, initial-scale=1.0">
    <title>課題実装</title>
    <link rel="stylesheet" href="style.css">
</head>
<body>
    <div class="container">
        <p class="basic-border">基本的な境界線です</p>
        <p class="thick-border">太い境界線です</p>
        <p class="dashed-border">点線の境界線です</p>
        <p class="colored-border">カラフルな境界線です</p>
    </div>
</body>
</html>