<!DOCTYPE html>
<html lang="ja">
<head>
  <meta charset="UTF-8">
  <meta name="viewport" content="width=device-width, initial-scale=1">
  <title>まとめ練習</title>
  <link rel="stylesheet" href="style.css">
</head>
<body>
  <div class="container">
    <h1>商品検索システム</h1>
    <div class="controls">
      <input id="search" type="text" placeholder="商品名で検索" class="search-input">
      <select id="category" class="category-select">
        <option value="all">すべて</option>
        <option value="家電">家電</option>
        <option value="文具">文具</option>
      </select>
      <select id="sort" class="sort-select">
        <option value="default">デフォルト</option>
        <option value="price-asc">価格の安い順</option>
        <option value="price-desc">価格の高い順</option>
      </select>
      <div>カート: <span id="cart-count">0</span>件</div>
    </div>
    <div id="list"></div>
  </div>
  <script src="script.js"></script>
</body>
</html>
