const input = document.getElementById('name-input');
const prev = document.getElementById('preview');
const btn = document.getElementById('color-btn');
function update(){ prev.textContent = input.value.trim() || '（ここにプレビュー）'; }
input.addEventListener('input', update);
btn.addEventListener('click', function() {
  prev.classList.toggle('active');
});
update();
