<!DOCTYPE html>
<html lang="ja">
<head>
  <meta charset="UTF-8">
  <title>classList</title>
  <link rel="stylesheet" href="style.css">
</head>
<body>
  <h1>classListの操作</h1>
  <div>
    <button id="show-btn">表示</button>
    <button id="hide-btn">非表示</button>
    <button id="toggle-btn">切替</button>
  </div>
  <div id="box" class="box">このボックスが表示/非表示されます</div>
  <script src="script.js"></script>
</body>
</html>
