<!DOCTYPE html>
<html lang="ja">
<head>
  <meta charset="UTF-8">
  <meta name="viewport" content="width=device-width, initial-scale=1">
  <title>ボタン状態</title>
  <link href="https://cdn.jsdelivr.net/npm/bootstrap@latest/dist/css/bootstrap.min.css" rel="stylesheet">
  <link rel="stylesheet" href="style.css">
</head>
<body>
  <div class="container my-3">
    <div class="d-flex gap-2">
      <button class="btn btn-primary" id="btnA">A</button>
      <button class="btn btn-outline-secondary" id="btnB">B</button>
    </div>
  </div>
  <script src="https://cdn.jsdelivr.net/npm/bootstrap@latest/dist/js/bootstrap.bundle.min.js"></script>
  <script>
    const a = document.getElementById('btnA');
    const b = document.getElementById('btnB');
    [a,b].forEach(el => el.addEventListener('click', () => {
      [a,b].forEach(x => x.classList.remove('active'));
      el.classList.add('active');
    }));
  </script>
</body>
</html>
