<!DOCTYPE html>
<html lang="ja">
<head>
  <meta charset="UTF-8">
  <meta name="viewport" content="width=device-width, initial-scale=1">
  <title>Cart Summary</title>
  <link href="https://cdn.jsdelivr.net/npm/bootstrap@latest/dist/css/bootstrap.min.css" rel="stylesheet">
</head>
<body>
  <div class="container py-4" style="max-width: 560px;">
    <ul class="list-group mb-3">
      <li class="list-group-item d-flex justify-content-between"><span>商品A</span><span>¥1,200</span></li>
      <li class="list-group-item d-flex justify-content-between"><span>商品B</span><span>¥2,300</span></li>
    </ul>
    <div class="d-flex justify-content-between align-items-center mb-3">
      <div class="total fw-bold">合計: ¥3,500</div>
      <button class="btn btn-primary">購入する</button>
    </div>
  </div>
  <script src="https://cdn.jsdelivr.net/npm/bootstrap@latest/dist/js/bootstrap.bundle.min.js"></script>
</body>
</html>
