<!DOCTYPE html>
<html lang="ja">
<head>
  <meta charset="UTF-8">
  <meta name="viewport" content="width=device-width, initial-scale=1">
  <title>配列のフィルタ表示</title>
</head>
<body>
  <h1>配列のフィルタ表示</h1>
  <input id="min" type="number" value="3" /> 文字以上
  <button id="apply">抽出</button>
  <ul id="list"></ul>
  <script src="script.js"></script>
</body>
</html>