<!DOCTYPE html>
<html lang="ja">
<head>
  <meta charset="UTF-8">
  <title>カートに追加</title>
  <link rel="stylesheet" href="style.css">
</head>
<body>
  <h1>商品</h1>
  <div>カート内: <span id="cart-count">0</span> 点</div>
  <button id="add-btn">カートに追加</button>
  <script src="script.js"></script>
</body>
</html>
