<!DOCTYPE html>
<html lang="ja">
<head>
  <meta charset="UTF-8">
  <title>クーポン適用</title>
  <link rel="stylesheet" href="style.css">
</head>
<body>
  <h1>クーポン</h1>
  <form id="coupon-form">
    <input id="coupon" placeholder="クーポンコード">
    <button id="apply-btn" type="submit">適用</button>
  </form>
  <div id="status">未適用</div>
  <script src="script.js"></script>
</body>
</html>
