<!DOCTYPE html>
<html lang="ja">
<head>
  <meta charset="UTF-8">
  <title>ボタンでメッセージを変更</title>
  <link rel="stylesheet" href="style.css">
</head>
<body>
  <h1>ボタンでメッセージを変更</h1>
  <div id="message-display">ここにメッセージが表示されます</div>
  <div>
    <button id="btn1">ボタン1</button>
    <button id="btn2">ボタン2</button>
    <button id="btn3">ボタン3</button>
  </div>
  <script src="script.js"></script>
</body>
</html>