const display = document.getElementById('message-display');

document.getElementById('btn1').addEventListener('click', function() {
  display.textContent = 'ボタン1がクリックされました';
});

document.getElementById('btn2').addEventListener('click', function() {
  display.textContent = 'ボタン2がクリックされました';
});

document.getElementById('btn3').addEventListener('click', function() {
  display.textContent = 'ボタン3がクリックされました';
});