<!DOCTYPE html>
<html lang="ja">
<head>
  <meta charset="UTF-8">
  <meta name="viewport" content="width=device-width, initial-scale=1.0">
  <title>html-css-10.2 inline-blockの整列</title>
  <link rel="stylesheet" href="style.css">
</head>
<body>
  <div class="container">
    <h1>inline-blockの整列</h1>
    <div class="inline-list">
      <div class="item">1</div>
      <div class="item">2<br>高い要素</div>
      <div class="item">3</div>
    </div>
  </div>
</body>
</html>
