<!DOCTYPE html>
<html lang="ja">
<head>
    <meta charset="UTF-8">
    <meta name="viewport" content="width=device-width, initial-scale=1.0">
    <title>課題実装</title>
    <link rel="stylesheet" href="style.css">
</head>
<body>
    <div class="container">
        <div class="basic-hover">hover</div>
        <div class="bounce-box">bounce</div>
        <div class="fade-box">fade</div>
        <div class="slide-box">slide</div>
    </div>
</body>
</html>