/* 中央寄せ - 最小要件 */

h1 {
    text-align: center;
}

.center-text {
    text-align: center;
}

.center-box {
    width: 400px;
    margin: 0 auto;
}

.center-everything {
    width: 350px;
    margin: 0 auto;
    text-align: center;
}

.card {
    width: 300px;
    margin: 30px auto;
    text-align: center;
}