<!DOCTYPE html>
<html lang="ja">
<head>
  <meta charset="UTF-8">
  <meta name="viewport" content="width=device-width, initial-scale=1.0">
  <title>影と角丸</title>
  <link rel="stylesheet" href="style.css">
</head>
<body>
  <div class="basic-shadow">基本的な影</div>
  <div class="small-radius">小さな角丸</div>
  <div class="large-radius">大きな角丸</div>
  <div class="circle">円</div>
  <div class="card-basic">
    <h3>カード</h3>
    <p>影と角丸</p>
  </div>
</body>
</html>