<!DOCTYPE html>
<html lang="ja">
<head>
  <meta charset="UTF-8">
  <title>お気に入りトグル</title>
  <link rel="stylesheet" href="style.css">
</head>
<body>
  <h1>お気に入り</h1>
  <button id="favorite-btn">♡ お気に入り</button>
  <span id="heart" class="heart">♡</span>
  <script src="script.js"></script>
</body>
</html>
